
> frontend@0.0.0 build
> vite build

[36mvite v7.3.1 [32mbuilding client environment for production...[36m[39m
transforming...
[32mΓ£ô[39m 2190 modules transformed.
node.exe : [31mΓ£ù[39m Build failed in 2.30s
At C:\Program Files\nodejs\npm.ps1:29 char:3
+   & $NODE_EXE $NPM_CLI_JS $args
+   ~~~~~~~~~~~~~~~~~~~~~~~~~~~~~
    + CategoryInfo          : NotSpecified: ([31mΓ£ù[39m Build  
   failed in 2.30s:String) [], RemoteException
    + FullyQualifiedErrorId : NativeCommandError
 
[31merror during build:
[31msrc/App.jsx (9:2): "Robot" is not exported by 
"node_modules/lucide-react/dist/esm/lucide-react.js", imported by 
"src/App.jsx".[31m
file: [36mC:/Users/Dharmendran/OneDrive/Desktop/rohith 
project/rhoith_prject/frontend/src/App.jsx:9:2[31m
[33m
 7:   Send,
 8:   ArrowRight,
 9:   Robot,
      ^
10:   FileMedical,
11:   Info,
[31m
    at getRollupError (file:///C:/Users/Dharmendran/OneDrive/Deskt
op/rohith%20project/rhoith_prject/frontend/node_modules/rollup/dis
t/es/shared/parseAst.js:402:41)
    at error (file:///C:/Users/Dharmendran/OneDrive/Desktop/rohith
%20project/rhoith_prject/frontend/node_modules/rollup/dist/es/shar
ed/parseAst.js:398:42)
    at Module.error (file:///C:/Users/Dharmendran/OneDrive/Desktop
/rohith%20project/rhoith_prject/frontend/node_modules/rollup/dist/
es/shared/node-entry.js:17040:16)
    at Module.traceVariable (file:///C:/Users/Dharmendran/OneDrive
/Desktop/rohith%20project/rhoith_prject/frontend/node_modules/roll
up/dist/es/shared/node-entry.js:17452:29)
    at ModuleScope.findVariable (file:///C:/Users/Dharmendran/OneD
rive/Desktop/rohith%20project/rhoith_prject/frontend/node_modules/
rollup/dist/es/shared/node-entry.js:15070:39)
    at ReturnValueScope.findVariable (file:///C:/Users/Dharmendran
/OneDrive/Desktop/rohith%20project/rhoith_prject/frontend/node_mod
ules/rollup/dist/es/shared/node-entry.js:5673:38)
    at FunctionBodyScope.findVariable (file:///C:/Users/Dharmendra
n/OneDrive/Desktop/rohith%20project/rhoith_prject/frontend/node_mo
dules/rollup/dist/es/shared/node-entry.js:5673:38)
    at Identifier.bind (file:///C:/Users/Dharmendran/OneDrive/Desk
top/rohith%20project/rhoith_prject/frontend/node_modules/rollup/di
st/es/shared/node-entry.js:5447:40)
    at CallExpression.bind (file:///C:/Users/Dharmendran/OneDrive/
Desktop/rohith%20project/rhoith_prject/frontend/node_modules/rollu
p/dist/es/shared/node-entry.js:2825:28)
    at CallExpression.bind (file:///C:/Users/Dharmendran/OneDrive/
Desktop/rohith%20project/rhoith_prject/frontend/node_modules/rollu
p/dist/es/shared/node-entry.js:12179:15)[39m
